[38;2;103;36;183m[0m[38;2;103;36;183m[0m[38;2;103;36;183m[0m                                                                                                 
[38;2;103;36;183m[0mName        [38;2;103;36;183m[0mSex   [38;2;103;36;183m[0mDistinguishing Features                                          [38;2;103;36;183m[0mMadness Rating[38;2;103;36;183m[0m
[38;2;103;36;183m[0m[38;2;103;36;183m[0m[38;2;103;36;183m[0m                                                                                                 
[38;2;103;36;183m[0mThe Joker   [38;2;103;36;183m[0mMale  [38;2;103;36;183m[0mClown-like appearance, green hair, pale skin, psychopathic smile [38;2;103;36;183m[0m10            [38;2;103;36;183m[0m
[38;2;103;36;183m[0m[38;2;103;36;183m[0m[38;2;103;36;183m[0m                                                                                                 
[38;2;103;36;183m[0mHarley Quinn[38;2;103;36;183m[0mFemale[38;2;103;36;183m[0mClown-like appearance, mallet weapon, acrobatic and unpredictable[38;2;103;36;183m[0m9             [38;2;103;36;183m[0m
[38;2;103;36;183m[0m[38;2;103;36;183m[0m[38;2;103;36;183m[0m                                                                                                 
[38;2;103;36;183m[0mTwo-Face    [38;2;103;36;183m[0mMale  [38;2;103;36;183m[0mHalf-burned face, split personality (Harvey Dent and Two-Face)   [38;2;103;36;183m[0m8             [38;2;103;36;183m[0m
[38;2;103;36;183m[0m[38;2;103;36;183m[0m[38;2;103;36;183m[0m                                                                                                 
[38;2;103;36;183m[0mScarecrow   [38;2;103;36;183m[0mMale  [38;2;103;36;183m[0mWears a scarecrow mask, uses fear toxins to manipulate victims   [38;2;103;36;183m[0m8             [38;2;103;36;183m[0m
[38;2;103;36;183m[0m[38;2;103;36;183m[0m[38;2;103;36;183m[0m                                                                                                 
[38;2;103;36;183m[0mMad Hatter  [38;2;103;36;183m[0mMale  [38;2;103;36;183m[0mObsession with Alice in Wonderland, mind-control technology      [38;2;103;36;183m[0m8             [38;2;103;36;183m[0m
[38;2;103;36;183m[0m[38;2;103;36;183m[0m[38;2;103;36;183m[0m                                                                                                 
[38;2;103;36;183m[0mRiddler     [38;2;103;36;183m[0mMale  [38;2;103;36;183m[0mObsession with riddles, green suit with question marks           [38;2;103;36;183m[0m7             [38;2;103;36;183m[0m
[38;2;103;36;183m[0m[38;2;103;36;183m[0m[38;2;103;36;183m[0m                                                                                                 